tier 1: 495 placed patterns with |S|=7 covering all three TWs; 165 can reach 1787 under the stage-A relaxation
[1/165] (0, 3, 4, 7, 11, 12, 14) stageA=2000 row1=-inf -> eliminated (0s)
[2/165] (0, 3, 7, 9, 11, 12, 14) stageA=1998 row1=-inf -> eliminated (0s)
[3/165] (0, 3, 5, 7, 11, 12, 14) stageA=1997 row1=-inf -> eliminated (1s)
[4/165] (0, 3, 7, 11, 12, 13, 14) stageA=1996 row1=-inf -> eliminated (0s)
[5/165] (0, 3, 7, 10, 11, 12, 14) stageA=1996 row1=-inf -> eliminated (1s)
[6/165] (0, 3, 6, 7, 11, 12, 14) stageA=1996 row1=-inf -> eliminated (1s)
[7/165] (0, 3, 7, 8, 11, 12, 14) stageA=1995 row1=-inf -> eliminated (1s)
[8/165] (0, 3, 4, 7, 9, 11, 14) stageA=1995 row1=-inf -> eliminated (0s)
[9/165] (0, 1, 3, 7, 11, 12, 14) stageA=1995 row1=1785.0 -> eliminated (16s)
[10/165] (0, 3, 4, 5, 7, 11, 14) stageA=1994 row1=-inf -> eliminated (1s)
[11/165] (0, 2, 3, 7, 11, 12, 14) stageA=1994 row1=1785.0 -> eliminated (18s)
[12/165] (0, 3, 4, 7, 11, 13, 14) stageA=1993 row1=-inf -> eliminated (1s)
[13/165] (0, 3, 4, 7, 10, 11, 14) stageA=1993 row1=-inf -> eliminated (1s)
[14/165] (0, 3, 4, 6, 7, 11, 14) stageA=1993 row1=-inf -> eliminated (1s)
[15/165] (0, 3, 5, 7, 9, 11, 14) stageA=1992 row1=-inf -> eliminated (1s)
[16/165] (0, 3, 4, 7, 8, 11, 14) stageA=1992 row1=-inf -> eliminated (1s)
[17/165] (0, 1, 3, 4, 7, 11, 14) stageA=1992 row1=1791.0 -> KEEP (21s)
[18/165] (0, 3, 7, 9, 11, 13, 14) stageA=1991 row1=-inf -> eliminated (1s)
[19/165] (0, 3, 7, 9, 10, 11, 14) stageA=1991 row1=-inf -> eliminated (1s)
[20/165] (0, 3, 6, 7, 9, 11, 14) stageA=1991 row1=-inf -> eliminated (1s)
[21/165] (0, 2, 3, 4, 7, 11, 14) stageA=1991 row1=1788.0 -> KEEP (33s)
[22/165] (0, 3, 7, 8, 9, 11, 14) stageA=1990 row1=-inf -> eliminated (1s)
[23/165] (0, 3, 5, 7, 11, 13, 14) stageA=1990 row1=-inf -> eliminated (1s)
[24/165] (0, 3, 5, 7, 10, 11, 14) stageA=1990 row1=-inf -> eliminated (1s)
[25/165] (0, 3, 5, 6, 7, 11, 14) stageA=1990 row1=-inf -> eliminated (1s)
[26/165] (0, 1, 3, 7, 9, 11, 14) stageA=1990 row1=1794.0 -> KEEP (22s)
[27/165] (0, 3, 7, 10, 11, 13, 14) stageA=1989 row1=-inf -> eliminated (1s)
[28/165] (0, 3, 6, 7, 11, 13, 14) stageA=1989 row1=-inf -> eliminated (1s)
[29/165] (0, 3, 6, 7, 10, 11, 14) stageA=1989 row1=-inf -> eliminated (1s)
[30/165] (0, 3, 5, 7, 8, 11, 14) stageA=1989 row1=-inf -> eliminated (1s)
[31/165] (0, 2, 3, 7, 9, 11, 14) stageA=1989 row1=1791.0 -> KEEP (20s)
[32/165] (0, 1, 3, 5, 7, 11, 14) stageA=1989 row1=1792.0 -> KEEP (17s)
[33/165] (0, 3, 7, 8, 11, 13, 14) stageA=1988 row1=-inf -> eliminated (1s)
[34/165] (0, 3, 7, 8, 10, 11, 14) stageA=1988 row1=-inf -> eliminated (1s)
[35/165] (0, 3, 6, 7, 8, 11, 14) stageA=1988 row1=-inf -> eliminated (1s)
[36/165] (0, 2, 3, 5, 7, 11, 14) stageA=1988 row1=1780.0 -> eliminated (26s)
[37/165] (0, 1, 3, 7, 11, 13, 14) stageA=1988 row1=1788.0 -> KEEP (23s)
[38/165] (0, 1, 3, 7, 10, 11, 14) stageA=1988 row1=1794.0 -> KEEP (24s)
[39/165] (0, 1, 3, 6, 7, 11, 14) stageA=1988 row1=1792.0 -> KEEP (21s)
[40/165] (0, 2, 3, 7, 11, 13, 14) stageA=1987 row1=1787.0 -> KEEP (23s)
[41/165] (0, 2, 3, 7, 10, 11, 14) stageA=1987 row1=1791.0 -> KEEP (22s)
[42/165] (0, 2, 3, 6, 7, 11, 14) stageA=1987 row1=1792.0 -> KEEP (21s)
[43/165] (0, 1, 3, 7, 8, 11, 14) stageA=1987 row1=1790.0 -> KEEP (20s)
[44/165] (0, 2, 3, 7, 8, 11, 14) stageA=1986 row1=1790.0 -> KEEP (20s)
[45/165] (0, 1, 2, 3, 7, 11, 14) stageA=1986 row1=1791.0 -> KEEP (21s)
[46/165] (0, 4, 7, 9, 11, 12, 14) stageA=1914 row1=-inf -> eliminated (1s)
[47/165] (0, 4, 5, 7, 11, 12, 14) stageA=1913 row1=-inf -> eliminated (1s)
[48/165] (0, 4, 7, 11, 12, 13, 14) stageA=1912 row1=-inf -> eliminated (1s)
[49/165] (0, 4, 7, 10, 11, 12, 14) stageA=1912 row1=-inf -> eliminated (1s)
[50/165] (0, 4, 6, 7, 11, 12, 14) stageA=1912 row1=-inf -> eliminated (1s)
[51/165] (0, 5, 7, 9, 11, 12, 14) stageA=1911 row1=-inf -> eliminated (1s)
[52/165] (0, 4, 7, 8, 11, 12, 14) stageA=1911 row1=-inf -> eliminated (1s)
[53/165] (0, 1, 4, 7, 11, 12, 14) stageA=1911 row1=-inf -> eliminated (1s)
[54/165] (0, 7, 9, 11, 12, 13, 14) stageA=1910 row1=-inf -> eliminated (1s)
[55/165] (0, 7, 9, 10, 11, 12, 14) stageA=1910 row1=-inf -> eliminated (1s)
[56/165] (0, 6, 7, 9, 11, 12, 14) stageA=1910 row1=-inf -> eliminated (1s)
[57/165] (0, 2, 4, 7, 11, 12, 14) stageA=1910 row1=1693.0 -> eliminated (18s)
[58/165] (0, 7, 8, 9, 11, 12, 14) stageA=1909 row1=-inf -> eliminated (1s)
[59/165] (0, 5, 7, 11, 12, 13, 14) stageA=1909 row1=-inf -> eliminated (1s)
[60/165] (0, 5, 7, 10, 11, 12, 14) stageA=1909 row1=-inf -> eliminated (1s)
[61/165] (0, 5, 6, 7, 11, 12, 14) stageA=1909 row1=-inf -> eliminated (1s)
[62/165] (0, 1, 7, 9, 11, 12, 14) stageA=1909 row1=-inf -> eliminated (1s)
[63/165] (0, 7, 10, 11, 12, 13, 14) stageA=1908 row1=-inf -> eliminated (1s)
[64/165] (0, 6, 7, 11, 12, 13, 14) stageA=1908 row1=-inf -> eliminated (1s)
[65/165] (0, 6, 7, 10, 11, 12, 14) stageA=1908 row1=-inf -> eliminated (1s)
[66/165] (0, 5, 7, 8, 11, 12, 14) stageA=1908 row1=-inf -> eliminated (1s)
[67/165] (0, 4, 5, 7, 9, 11, 14) stageA=1908 row1=-inf -> eliminated (1s)
[68/165] (0, 2, 7, 9, 11, 12, 14) stageA=1908 row1=-inf -> eliminated (1s)
[69/165] (0, 1, 5, 7, 11, 12, 14) stageA=1908 row1=-inf -> eliminated (1s)
[70/165] (0, 7, 8, 11, 12, 13, 14) stageA=1907 row1=-inf -> eliminated (1s)
[71/165] (0, 7, 8, 10, 11, 12, 14) stageA=1907 row1=-inf -> eliminated (1s)
[72/165] (0, 6, 7, 8, 11, 12, 14) stageA=1907 row1=-inf -> eliminated (1s)
[73/165] (0, 4, 7, 9, 11, 13, 14) stageA=1907 row1=-inf -> eliminated (1s)
[74/165] (0, 4, 7, 9, 10, 11, 14) stageA=1907 row1=-inf -> eliminated (1s)
[75/165] (0, 4, 6, 7, 9, 11, 14) stageA=1907 row1=-inf -> eliminated (1s)
[76/165] (0, 2, 5, 7, 11, 12, 14) stageA=1907 row1=-inf -> eliminated (1s)
[77/165] (0, 1, 7, 11, 12, 13, 14) stageA=1907 row1=-inf -> eliminated (1s)
[78/165] (0, 1, 7, 10, 11, 12, 14) stageA=1907 row1=-inf -> eliminated (1s)
[79/165] (0, 1, 6, 7, 11, 12, 14) stageA=1907 row1=-inf -> eliminated (1s)
[80/165] (0, 4, 7, 8, 9, 11, 14) stageA=1906 row1=-inf -> eliminated (1s)
[81/165] (0, 4, 5, 7, 11, 13, 14) stageA=1906 row1=-inf -> eliminated (1s)
[82/165] (0, 4, 5, 7, 10, 11, 14) stageA=1906 row1=-inf -> eliminated (1s)
[83/165] (0, 4, 5, 6, 7, 11, 14) stageA=1906 row1=-inf -> eliminated (1s)
[84/165] (0, 2, 7, 11, 12, 13, 14) stageA=1906 row1=-inf -> eliminated (1s)
[85/165] (0, 2, 7, 10, 11, 12, 14) stageA=1906 row1=-inf -> eliminated (1s)
[86/165] (0, 2, 6, 7, 11, 12, 14) stageA=1906 row1=-inf -> eliminated (1s)
[87/165] (0, 1, 7, 8, 11, 12, 14) stageA=1906 row1=-inf -> eliminated (1s)
[88/165] (0, 1, 4, 7, 9, 11, 14) stageA=1906 row1=-inf -> eliminated (1s)
[89/165] (0, 4, 7, 10, 11, 13, 14) stageA=1905 row1=-inf -> eliminated (1s)
[90/165] (0, 4, 6, 7, 11, 13, 14) stageA=1905 row1=-inf -> eliminated (1s)
[91/165] (0, 4, 6, 7, 10, 11, 14) stageA=1905 row1=-inf -> eliminated (1s)
[92/165] (0, 4, 5, 7, 8, 11, 14) stageA=1905 row1=-inf -> eliminated (1s)
[93/165] (0, 2, 7, 8, 11, 12, 14) stageA=1905 row1=-inf -> eliminated (1s)
[94/165] (0, 2, 4, 7, 9, 11, 14) stageA=1905 row1=1701.0 -> eliminated (17s)
[95/165] (0, 1, 4, 5, 7, 11, 14) stageA=1905 row1=-inf -> eliminated (1s)
[96/165] (0, 1, 2, 7, 11, 12, 14) stageA=1905 row1=-inf -> eliminated (0s)
[97/165] (0, 5, 7, 9, 11, 13, 14) stageA=1904 row1=-inf -> eliminated (1s)
[98/165] (0, 5, 7, 9, 10, 11, 14) stageA=1904 row1=-inf -> eliminated (0s)
[99/165] (0, 5, 6, 7, 9, 11, 14) stageA=1904 row1=-inf -> eliminated (0s)
[100/165] (0, 4, 7, 8, 11, 13, 14) stageA=1904 row1=-inf -> eliminated (0s)
[101/165] (0, 4, 7, 8, 10, 11, 14) stageA=1904 row1=-inf -> eliminated (1s)
[102/165] (0, 4, 6, 7, 8, 11, 14) stageA=1904 row1=-inf -> eliminated (1s)
[103/165] (0, 2, 4, 5, 7, 11, 14) stageA=1904 row1=1689.0 -> eliminated (21s)
[104/165] (0, 1, 4, 7, 11, 13, 14) stageA=1904 row1=-inf -> eliminated (1s)
[105/165] (0, 1, 4, 7, 10, 11, 14) stageA=1904 row1=-inf -> eliminated (1s)
[106/165] (0, 1, 4, 6, 7, 11, 14) stageA=1904 row1=-inf -> eliminated (1s)
[107/165] (0, 7, 9, 10, 11, 13, 14) stageA=1903 row1=-inf -> eliminated (0s)
[108/165] (0, 6, 7, 9, 11, 13, 14) stageA=1903 row1=-inf -> eliminated (1s)
[109/165] (0, 6, 7, 9, 10, 11, 14) stageA=1903 row1=-inf -> eliminated (0s)
[110/165] (0, 5, 7, 8, 9, 11, 14) stageA=1903 row1=-inf -> eliminated (0s)
[111/165] (0, 2, 4, 7, 11, 13, 14) stageA=1903 row1=1695.0 -> eliminated (19s)
[112/165] (0, 2, 4, 7, 10, 11, 14) stageA=1903 row1=1704.0 -> eliminated (18s)
[113/165] (0, 2, 4, 6, 7, 11, 14) stageA=1903 row1=1693.0 -> eliminated (17s)
[114/165] (0, 1, 5, 7, 9, 11, 14) stageA=1903 row1=-inf -> eliminated (1s)
[115/165] (0, 1, 4, 7, 8, 11, 14) stageA=1903 row1=-inf -> eliminated (1s)
[116/165] (0, 7, 8, 9, 11, 13, 14) stageA=1902 row1=-inf -> eliminated (1s)
[117/165] (0, 7, 8, 9, 10, 11, 14) stageA=1902 row1=-inf -> eliminated (1s)
[118/165] (0, 6, 7, 8, 9, 11, 14) stageA=1902 row1=-inf -> eliminated (1s)
[119/165] (0, 5, 7, 10, 11, 13, 14) stageA=1902 row1=-inf -> eliminated (1s)
[120/165] (0, 5, 6, 7, 11, 13, 14) stageA=1902 row1=-inf -> eliminated (1s)
[121/165] (0, 5, 6, 7, 10, 11, 14) stageA=1902 row1=-inf -> eliminated (1s)
[122/165] (0, 2, 5, 7, 9, 11, 14) stageA=1902 row1=-inf -> eliminated (1s)
[123/165] (0, 2, 4, 7, 8, 11, 14) stageA=1902 row1=1699.0 -> eliminated (17s)
[124/165] (0, 1, 7, 9, 11, 13, 14) stageA=1902 row1=-inf -> eliminated (1s)
[125/165] (0, 1, 7, 9, 10, 11, 14) stageA=1902 row1=-inf -> eliminated (1s)
[126/165] (0, 1, 6, 7, 9, 11, 14) stageA=1902 row1=-inf -> eliminated (1s)
[127/165] (0, 1, 2, 4, 7, 11, 14) stageA=1902 row1=1698.0 -> eliminated (18s)
[128/165] (0, 6, 7, 10, 11, 13, 14) stageA=1901 row1=-inf -> eliminated (1s)
[129/165] (0, 5, 7, 8, 11, 13, 14) stageA=1901 row1=-inf -> eliminated (1s)
[130/165] (0, 5, 7, 8, 10, 11, 14) stageA=1901 row1=-inf -> eliminated (1s)
[131/165] (0, 5, 6, 7, 8, 11, 14) stageA=1901 row1=-inf -> eliminated (1s)
[132/165] (0, 2, 7, 9, 11, 13, 14) stageA=1901 row1=-inf -> eliminated (1s)
[133/165] (0, 2, 7, 9, 10, 11, 14) stageA=1901 row1=-inf -> eliminated (1s)
[134/165] (0, 2, 6, 7, 9, 11, 14) stageA=1901 row1=-inf -> eliminated (1s)
[135/165] (0, 1, 7, 8, 9, 11, 14) stageA=1901 row1=-inf -> eliminated (1s)
[136/165] (0, 1, 5, 7, 11, 13, 14) stageA=1901 row1=-inf -> eliminated (1s)
[137/165] (0, 1, 5, 7, 10, 11, 14) stageA=1901 row1=-inf -> eliminated (1s)
[138/165] (0, 1, 5, 6, 7, 11, 14) stageA=1901 row1=-inf -> eliminated (1s)
[139/165] (0, 7, 8, 10, 11, 13, 14) stageA=1900 row1=-inf -> eliminated (1s)
[140/165] (0, 6, 7, 8, 11, 13, 14) stageA=1900 row1=-inf -> eliminated (1s)
[141/165] (0, 6, 7, 8, 10, 11, 14) stageA=1900 row1=-inf -> eliminated (1s)
[142/165] (0, 2, 7, 8, 9, 11, 14) stageA=1900 row1=-inf -> eliminated (1s)
[143/165] (0, 2, 5, 7, 11, 13, 14) stageA=1900 row1=-inf -> eliminated (1s)
[144/165] (0, 2, 5, 7, 10, 11, 14) stageA=1900 row1=-inf -> eliminated (1s)
[145/165] (0, 2, 5, 6, 7, 11, 14) stageA=1900 row1=-inf -> eliminated (1s)
[146/165] (0, 1, 7, 10, 11, 13, 14) stageA=1900 row1=-inf -> eliminated (1s)
[147/165] (0, 1, 6, 7, 11, 13, 14) stageA=1900 row1=-inf -> eliminated (1s)
[148/165] (0, 1, 6, 7, 10, 11, 14) stageA=1900 row1=-inf -> eliminated (1s)
[149/165] (0, 1, 5, 7, 8, 11, 14) stageA=1900 row1=-inf -> eliminated (1s)
[150/165] (0, 1, 2, 7, 9, 11, 14) stageA=1900 row1=-inf -> eliminated (1s)
[151/165] (0, 2, 7, 10, 11, 13, 14) stageA=1899 row1=-inf -> eliminated (1s)
[152/165] (0, 2, 6, 7, 11, 13, 14) stageA=1899 row1=-inf -> eliminated (1s)
[153/165] (0, 2, 6, 7, 10, 11, 14) stageA=1899 row1=-inf -> eliminated (1s)
[154/165] (0, 2, 5, 7, 8, 11, 14) stageA=1899 row1=-inf -> eliminated (1s)
[155/165] (0, 1, 7, 8, 11, 13, 14) stageA=1899 row1=-inf -> eliminated (1s)
[156/165] (0, 1, 7, 8, 10, 11, 14) stageA=1899 row1=-inf -> eliminated (1s)
[157/165] (0, 1, 6, 7, 8, 11, 14) stageA=1899 row1=-inf -> eliminated (1s)
[158/165] (0, 1, 2, 5, 7, 11, 14) stageA=1899 row1=-inf -> eliminated (1s)
[159/165] (0, 2, 7, 8, 11, 13, 14) stageA=1898 row1=-inf -> eliminated (1s)
[160/165] (0, 2, 7, 8, 10, 11, 14) stageA=1898 row1=-inf -> eliminated (1s)
[161/165] (0, 2, 6, 7, 8, 11, 14) stageA=1898 row1=-inf -> eliminated (1s)
[162/165] (0, 1, 2, 7, 11, 13, 14) stageA=1898 row1=-inf -> eliminated (1s)
[163/165] (0, 1, 2, 7, 10, 11, 14) stageA=1898 row1=-inf -> eliminated (1s)
[164/165] (0, 1, 2, 6, 7, 11, 14) stageA=1898 row1=-inf -> eliminated (1s)
[165/165] (0, 1, 2, 7, 8, 11, 14) stageA=1897 row1=-inf -> eliminated (1s)

tier 2: 14 of 165 patterns survive the row-1-exact bound
