resumed 14 tier-2 survivors from results/pattern_row1.json
tier 3 order (bound, pattern):
    1787  (0, 2, 3, 7, 11, 13, 14)
    1788  (0, 1, 3, 7, 11, 13, 14)
    1788  (0, 2, 3, 4, 7, 11, 14)
    1790  (0, 1, 3, 7, 8, 11, 14)
    1790  (0, 2, 3, 7, 8, 11, 14)
    1791  (0, 1, 2, 3, 7, 11, 14)
    1791  (0, 1, 3, 4, 7, 11, 14)
    1791  (0, 2, 3, 7, 9, 11, 14)
    1791  (0, 2, 3, 7, 10, 11, 14)
    1792  (0, 1, 3, 5, 7, 11, 14)
    1792  (0, 1, 3, 6, 7, 11, 14)
    1792  (0, 2, 3, 6, 7, 11, 14)
    1794  (0, 1, 3, 7, 9, 11, 14)
    1794  (0, 1, 3, 7, 10, 11, 14)
resuming: 1 patterns already refuted
[1/14] (0, 2, 3, 7, 11, 13, 14) already refuted, skipping
[2/14] (0, 1, 3, 7, 11, 13, 14) ceiling=1788
    enumerated 21 configs, complete=True (655s)
    refuted 21/21 configs (62s)
    -> REFUTED
[3/14] (0, 2, 3, 4, 7, 11, 14) ceiling=1788
    enumerated 26 configs, complete=True (829s)
    refuted 26/26 configs (76s)
    -> REFUTED
[4/14] (0, 1, 3, 7, 8, 11, 14) ceiling=1790
    enumerated 9 configs, complete=True (173s)
    refuted 9/9 configs (31s)
    -> REFUTED
[5/14] (0, 2, 3, 7, 8, 11, 14) ceiling=1790
    enumerated 27 configs, complete=True (482s)
    refuted 27/27 configs (79s)
    -> REFUTED
[6/14] (0, 1, 2, 3, 7, 11, 14) ceiling=1791
    enumerated 396 configs, complete=True (7502s)
    refuted 396/396 configs (1156s)
    -> REFUTED
[7/14] (0, 1, 3, 4, 7, 11, 14) ceiling=1791
