OXYPHENBUTAZONE row=0: relaxed 2000 -> tight 1798  (75.8s)
  building line DAWG...
  row1-exact: 1798 -> 1794 (33.5s)
OXYPHENBUTAZONE row=14: relaxed 1935 -> tight 1778  (99.4s)
PSYCHOANALYZING row=0: relaxed 1911 -> tight 1430  (97.2s)
PSYCHOANALYZING row=14: relaxed 1897 -> tight 1424  (438.2s)
DEMYTHOLOGIZING row=14: relaxed 1860 -> tight 1703  (138.5s)
DEMYTHOLOGIZING row=0: relaxed 1845 -> tight 1650  (42.8s)
DEMYTHOLOGIZERS row=14: relaxed 1839 -> tight 1716  (308.7s)
DEMYTHOLOGIZERS row=0: relaxed 1836 -> tight 1629  (83.3s)
NEPHRECTOMIZING row=14: relaxed 1836 -> tight 1639  (123.8s)
VENTRILOQUIZING row=0: relaxed 1834 -> tight 1629  (27.3s)
REMYTHOLOGIZING row=14: relaxed 1830 -> tight 1666  (139.8s)
HYPERIMMUNIZING row=0: relaxed 1825 -> tight 1645  (82.8s)
NEPHRECTOMIZING row=0: relaxed 1824 -> tight 1642  (84.7s)
REMYTHOLOGIZING row=0: relaxed 1815 -> tight 1621  (39.9s)
HYPERIMMUNIZING row=14: relaxed 1807 -> tight 1624  (109.6s)
DICHLOROBENZENE row=0: relaxed 1790 -> tight 1585  (54.7s)
OVEREMPHASIZING row=0: relaxed 1789 -> tight 1560  (109.2s)
done in 2090s -> results/tight_bounds.json
