reached the 1786 pre-board in 25 moves:
   1. F8=U, G8=N, H8=L, I8=E, J8=D  ->  UNLED(12)
   2. G2=A, G3=R, G4=R, G5=O, G6=W, G7=I, G9=G  ->  ARROWING(16)
   3. H3=A, I3=S?  ->  RAS(2)
   4. I1=U, I2=T  ->  UTS(2)
   5. J1=T, K1=A  ->  UTA(3)
   6. K2=W, L2=O  ->  WO(5), AW(5)
   7. L3=O, L4=G, L5=A, L6=M, L7=E, L8=T, L9=E  ->  OOGAMETE(24)
   8. M6=E, N6=R, O6=L  ->  MERL(8)
   9. O2=S, O3=T, O4=A, O5=B, O7=I, O8=S, O9=H  ->  STABLISH(42)
  10. N2=O  ->  OS(4)
  11. F2=H?  ->  HA(1)
  12. I6=R, I7=E  ->  REE(4)
  13. E6=V, F6=O  ->  VOW(11)
  14. D6=A, D7=L  ->  AL(2), AVOW(10)
  15. D2=R, D3=E, D4=Q, D5=U, D8=I, D9=F, D10=Y  ->  REQUALIFY(50)
  16. C1=Y, C2=A  ->  YA(5), AR(2)
  17. B2=E, B3=D  ->  ED(6), EAR(6)
  18. F4=U, H4=D  ->  URD(6), AD(5)
  19. M1=O, N1=N  ->  ON(2), NO(2)
  20. E1=H, F1=E  ->  HE(5), EH(1)
  21. D11=I, D12=N, D13=G  ->  REQUALIFYING(56)
  22. O10=M, O11=E, O12=N, O13=T, O14=S  ->  STABLISHMENTS(21)
  23. A2=P, A3=A, A4=C, A5=I, A6=F, A7=I, A8=C  ->  PACIFIC(57), PEAR(6), AD(3)
  24. A9=A, A10=T, A11=I, A12=O, A13=N, A14=S  ->  PACIFICATIONS(23)
  25. H2=L, H5=D, H6=E, H7=R, H9=I, H10=K, H11=E  ->  LADDERLIKE(16), HALT(3), OD(3), AVOWER(12), IRE(3), GI(3)
verified: replay reproduces the pre-board exactly
