provenance: commit 5d3247ea4b0e85d24773267656c718b88c7ec573 ortools 9.15.6755 seed 0 lexicon 7ced91210162
tier 1: 495 placed patterns with |S|=7 covering all three TWs; 165 can reach 1787 under the stage-A relaxation
[1/165] (0, 3, 4, 7, 11, 12, 14) stageA=2000 row1=-inf -> eliminated (0s)
[2/165] (0, 3, 7, 9, 11, 12, 14) stageA=1998 row1=-inf -> eliminated (0s)
[3/165] (0, 3, 5, 7, 11, 12, 14) stageA=1997 row1=-inf -> eliminated (0s)
[4/165] (0, 3, 7, 11, 12, 13, 14) stageA=1996 row1=-inf -> eliminated (0s)
[5/165] (0, 3, 7, 10, 11, 12, 14) stageA=1996 row1=-inf -> eliminated (0s)
[6/165] (0, 3, 6, 7, 11, 12, 14) stageA=1996 row1=-inf -> eliminated (0s)
[7/165] (0, 3, 7, 8, 11, 12, 14) stageA=1995 row1=-inf -> eliminated (0s)
[8/165] (0, 3, 4, 7, 9, 11, 14) stageA=1995 row1=-inf -> eliminated (0s)
[9/165] (0, 1, 3, 7, 11, 12, 14) stageA=1995 row1=1785.0 -> eliminated (11s)
[10/165] (0, 3, 4, 5, 7, 11, 14) stageA=1994 row1=-inf -> eliminated (0s)
[11/165] (0, 2, 3, 7, 11, 12, 14) stageA=1994 row1=1785.0 -> eliminated (11s)
[12/165] (0, 3, 4, 7, 11, 13, 14) stageA=1993 row1=-inf -> eliminated (0s)
[13/165] (0, 3, 4, 7, 10, 11, 14) stageA=1993 row1=-inf -> eliminated (0s)
[14/165] (0, 3, 4, 6, 7, 11, 14) stageA=1993 row1=-inf -> eliminated (0s)
[15/165] (0, 3, 5, 7, 9, 11, 14) stageA=1992 row1=-inf -> eliminated (0s)
[16/165] (0, 3, 4, 7, 8, 11, 14) stageA=1992 row1=-inf -> eliminated (0s)
[17/165] (0, 1, 3, 4, 7, 11, 14) stageA=1992 row1=1791.0 -> KEEP (13s)
[18/165] (0, 3, 7, 9, 11, 13, 14) stageA=1991 row1=-inf -> eliminated (0s)
[19/165] (0, 3, 7, 9, 10, 11, 14) stageA=1991 row1=-inf -> eliminated (0s)
[20/165] (0, 3, 6, 7, 9, 11, 14) stageA=1991 row1=-inf -> eliminated (0s)
[21/165] (0, 2, 3, 4, 7, 11, 14) stageA=1991 row1=1788.0 -> KEEP (13s)
[22/165] (0, 3, 7, 8, 9, 11, 14) stageA=1990 row1=-inf -> eliminated (0s)
[23/165] (0, 3, 5, 7, 11, 13, 14) stageA=1990 row1=-inf -> eliminated (0s)
[24/165] (0, 3, 5, 7, 10, 11, 14) stageA=1990 row1=-inf -> eliminated (0s)
[25/165] (0, 3, 5, 6, 7, 11, 14) stageA=1990 row1=-inf -> eliminated (0s)
[26/165] (0, 1, 3, 7, 9, 11, 14) stageA=1990 row1=1794.0 -> KEEP (11s)
[27/165] (0, 3, 7, 10, 11, 13, 14) stageA=1989 row1=-inf -> eliminated (0s)
[28/165] (0, 3, 6, 7, 11, 13, 14) stageA=1989 row1=-inf -> eliminated (0s)
[29/165] (0, 3, 6, 7, 10, 11, 14) stageA=1989 row1=-inf -> eliminated (0s)
[30/165] (0, 3, 5, 7, 8, 11, 14) stageA=1989 row1=-inf -> eliminated (0s)
[31/165] (0, 2, 3, 7, 9, 11, 14) stageA=1989 row1=1791.0 -> KEEP (14s)
[32/165] (0, 1, 3, 5, 7, 11, 14) stageA=1989 row1=1792.0 -> KEEP (10s)
[33/165] (0, 3, 7, 8, 11, 13, 14) stageA=1988 row1=-inf -> eliminated (0s)
[34/165] (0, 3, 7, 8, 10, 11, 14) stageA=1988 row1=-inf -> eliminated (0s)
[35/165] (0, 3, 6, 7, 8, 11, 14) stageA=1988 row1=-inf -> eliminated (0s)
[36/165] (0, 2, 3, 5, 7, 11, 14) stageA=1988 row1=1780.0 -> eliminated (14s)
[37/165] (0, 1, 3, 7, 11, 13, 14) stageA=1988 row1=1788.0 -> KEEP (13s)
[38/165] (0, 1, 3, 7, 10, 11, 14) stageA=1988 row1=1794.0 -> KEEP (13s)
[39/165] (0, 1, 3, 6, 7, 11, 14) stageA=1988 row1=1792.0 -> KEEP (13s)
[40/165] (0, 2, 3, 7, 11, 13, 14) stageA=1987 row1=1787.0 -> KEEP (13s)
[41/165] (0, 2, 3, 7, 10, 11, 14) stageA=1987 row1=1791.0 -> KEEP (12s)
[42/165] (0, 2, 3, 6, 7, 11, 14) stageA=1987 row1=1792.0 -> KEEP (12s)
[43/165] (0, 1, 3, 7, 8, 11, 14) stageA=1987 row1=1790.0 -> KEEP (11s)
[44/165] (0, 2, 3, 7, 8, 11, 14) stageA=1986 row1=1790.0 -> KEEP (12s)
[45/165] (0, 1, 2, 3, 7, 11, 14) stageA=1986 row1=1791.0 -> KEEP (12s)
[46/165] (0, 4, 7, 9, 11, 12, 14) stageA=1914 row1=-inf -> eliminated (0s)
[47/165] (0, 4, 5, 7, 11, 12, 14) stageA=1913 row1=-inf -> eliminated (0s)
[48/165] (0, 4, 7, 11, 12, 13, 14) stageA=1912 row1=-inf -> eliminated (0s)
[49/165] (0, 4, 7, 10, 11, 12, 14) stageA=1912 row1=-inf -> eliminated (0s)
[50/165] (0, 4, 6, 7, 11, 12, 14) stageA=1912 row1=-inf -> eliminated (0s)
[51/165] (0, 5, 7, 9, 11, 12, 14) stageA=1911 row1=-inf -> eliminated (0s)
[52/165] (0, 4, 7, 8, 11, 12, 14) stageA=1911 row1=-inf -> eliminated (0s)
[53/165] (0, 1, 4, 7, 11, 12, 14) stageA=1911 row1=-inf -> eliminated (0s)
[54/165] (0, 7, 9, 11, 12, 13, 14) stageA=1910 row1=-inf -> eliminated (0s)
[55/165] (0, 7, 9, 10, 11, 12, 14) stageA=1910 row1=-inf -> eliminated (0s)
[56/165] (0, 6, 7, 9, 11, 12, 14) stageA=1910 row1=-inf -> eliminated (0s)
[57/165] (0, 2, 4, 7, 11, 12, 14) stageA=1910 row1=1693.0 -> eliminated (10s)
[58/165] (0, 7, 8, 9, 11, 12, 14) stageA=1909 row1=-inf -> eliminated (0s)
[59/165] (0, 5, 7, 11, 12, 13, 14) stageA=1909 row1=-inf -> eliminated (0s)
[60/165] (0, 5, 7, 10, 11, 12, 14) stageA=1909 row1=-inf -> eliminated (0s)
[61/165] (0, 5, 6, 7, 11, 12, 14) stageA=1909 row1=-inf -> eliminated (0s)
[62/165] (0, 1, 7, 9, 11, 12, 14) stageA=1909 row1=-inf -> eliminated (0s)
[63/165] (0, 7, 10, 11, 12, 13, 14) stageA=1908 row1=-inf -> eliminated (0s)
[64/165] (0, 6, 7, 11, 12, 13, 14) stageA=1908 row1=-inf -> eliminated (0s)
[65/165] (0, 6, 7, 10, 11, 12, 14) stageA=1908 row1=-inf -> eliminated (0s)
[66/165] (0, 5, 7, 8, 11, 12, 14) stageA=1908 row1=-inf -> eliminated (0s)
[67/165] (0, 4, 5, 7, 9, 11, 14) stageA=1908 row1=-inf -> eliminated (0s)
[68/165] (0, 2, 7, 9, 11, 12, 14) stageA=1908 row1=-inf -> eliminated (0s)
[69/165] (0, 1, 5, 7, 11, 12, 14) stageA=1908 row1=-inf -> eliminated (0s)
[70/165] (0, 7, 8, 11, 12, 13, 14) stageA=1907 row1=-inf -> eliminated (0s)
[71/165] (0, 7, 8, 10, 11, 12, 14) stageA=1907 row1=-inf -> eliminated (0s)
[72/165] (0, 6, 7, 8, 11, 12, 14) stageA=1907 row1=-inf -> eliminated (0s)
[73/165] (0, 4, 7, 9, 11, 13, 14) stageA=1907 row1=-inf -> eliminated (0s)
[74/165] (0, 4, 7, 9, 10, 11, 14) stageA=1907 row1=-inf -> eliminated (0s)
[75/165] (0, 4, 6, 7, 9, 11, 14) stageA=1907 row1=-inf -> eliminated (0s)
[76/165] (0, 2, 5, 7, 11, 12, 14) stageA=1907 row1=-inf -> eliminated (0s)
[77/165] (0, 1, 7, 11, 12, 13, 14) stageA=1907 row1=-inf -> eliminated (0s)
[78/165] (0, 1, 7, 10, 11, 12, 14) stageA=1907 row1=-inf -> eliminated (0s)
[79/165] (0, 1, 6, 7, 11, 12, 14) stageA=1907 row1=-inf -> eliminated (0s)
[80/165] (0, 4, 7, 8, 9, 11, 14) stageA=1906 row1=-inf -> eliminated (0s)
[81/165] (0, 4, 5, 7, 11, 13, 14) stageA=1906 row1=-inf -> eliminated (0s)
[82/165] (0, 4, 5, 7, 10, 11, 14) stageA=1906 row1=-inf -> eliminated (0s)
[83/165] (0, 4, 5, 6, 7, 11, 14) stageA=1906 row1=-inf -> eliminated (0s)
[84/165] (0, 2, 7, 11, 12, 13, 14) stageA=1906 row1=-inf -> eliminated (0s)
[85/165] (0, 2, 7, 10, 11, 12, 14) stageA=1906 row1=-inf -> eliminated (0s)
[86/165] (0, 2, 6, 7, 11, 12, 14) stageA=1906 row1=-inf -> eliminated (0s)
[87/165] (0, 1, 7, 8, 11, 12, 14) stageA=1906 row1=-inf -> eliminated (0s)
[88/165] (0, 1, 4, 7, 9, 11, 14) stageA=1906 row1=-inf -> eliminated (0s)
[89/165] (0, 4, 7, 10, 11, 13, 14) stageA=1905 row1=-inf -> eliminated (0s)
[90/165] (0, 4, 6, 7, 11, 13, 14) stageA=1905 row1=-inf -> eliminated (0s)
[91/165] (0, 4, 6, 7, 10, 11, 14) stageA=1905 row1=-inf -> eliminated (0s)
[92/165] (0, 4, 5, 7, 8, 11, 14) stageA=1905 row1=-inf -> eliminated (0s)
[93/165] (0, 2, 7, 8, 11, 12, 14) stageA=1905 row1=-inf -> eliminated (0s)
[94/165] (0, 2, 4, 7, 9, 11, 14) stageA=1905 row1=1701.0 -> eliminated (10s)
[95/165] (0, 1, 4, 5, 7, 11, 14) stageA=1905 row1=-inf -> eliminated (0s)
[96/165] (0, 1, 2, 7, 11, 12, 14) stageA=1905 row1=-inf -> eliminated (0s)
[97/165] (0, 5, 7, 9, 11, 13, 14) stageA=1904 row1=-inf -> eliminated (0s)
[98/165] (0, 5, 7, 9, 10, 11, 14) stageA=1904 row1=-inf -> eliminated (0s)
[99/165] (0, 5, 6, 7, 9, 11, 14) stageA=1904 row1=-inf -> eliminated (0s)
[100/165] (0, 4, 7, 8, 11, 13, 14) stageA=1904 row1=-inf -> eliminated (0s)
[101/165] (0, 4, 7, 8, 10, 11, 14) stageA=1904 row1=-inf -> eliminated (0s)
[102/165] (0, 4, 6, 7, 8, 11, 14) stageA=1904 row1=-inf -> eliminated (0s)
[103/165] (0, 2, 4, 5, 7, 11, 14) stageA=1904 row1=1689.0 -> eliminated (12s)
[104/165] (0, 1, 4, 7, 11, 13, 14) stageA=1904 row1=-inf -> eliminated (0s)
[105/165] (0, 1, 4, 7, 10, 11, 14) stageA=1904 row1=-inf -> eliminated (0s)
[106/165] (0, 1, 4, 6, 7, 11, 14) stageA=1904 row1=-inf -> eliminated (0s)
[107/165] (0, 7, 9, 10, 11, 13, 14) stageA=1903 row1=-inf -> eliminated (0s)
[108/165] (0, 6, 7, 9, 11, 13, 14) stageA=1903 row1=-inf -> eliminated (0s)
[109/165] (0, 6, 7, 9, 10, 11, 14) stageA=1903 row1=-inf -> eliminated (0s)
[110/165] (0, 5, 7, 8, 9, 11, 14) stageA=1903 row1=-inf -> eliminated (0s)
[111/165] (0, 2, 4, 7, 11, 13, 14) stageA=1903 row1=1695.0 -> eliminated (13s)
[112/165] (0, 2, 4, 7, 10, 11, 14) stageA=1903 row1=1704.0 -> eliminated (11s)
[113/165] (0, 2, 4, 6, 7, 11, 14) stageA=1903 row1=1693.0 -> eliminated (10s)
[114/165] (0, 1, 5, 7, 9, 11, 14) stageA=1903 row1=-inf -> eliminated (0s)
[115/165] (0, 1, 4, 7, 8, 11, 14) stageA=1903 row1=-inf -> eliminated (0s)
[116/165] (0, 7, 8, 9, 11, 13, 14) stageA=1902 row1=-inf -> eliminated (0s)
[117/165] (0, 7, 8, 9, 10, 11, 14) stageA=1902 row1=-inf -> eliminated (0s)
[118/165] (0, 6, 7, 8, 9, 11, 14) stageA=1902 row1=-inf -> eliminated (0s)
[119/165] (0, 5, 7, 10, 11, 13, 14) stageA=1902 row1=-inf -> eliminated (0s)
[120/165] (0, 5, 6, 7, 11, 13, 14) stageA=1902 row1=-inf -> eliminated (0s)
[121/165] (0, 5, 6, 7, 10, 11, 14) stageA=1902 row1=-inf -> eliminated (0s)
[122/165] (0, 2, 5, 7, 9, 11, 14) stageA=1902 row1=-inf -> eliminated (0s)
[123/165] (0, 2, 4, 7, 8, 11, 14) stageA=1902 row1=1699.0 -> eliminated (11s)
[124/165] (0, 1, 7, 9, 11, 13, 14) stageA=1902 row1=-inf -> eliminated (0s)
[125/165] (0, 1, 7, 9, 10, 11, 14) stageA=1902 row1=-inf -> eliminated (0s)
[126/165] (0, 1, 6, 7, 9, 11, 14) stageA=1902 row1=-inf -> eliminated (0s)
[127/165] (0, 1, 2, 4, 7, 11, 14) stageA=1902 row1=1698.0 -> eliminated (11s)
[128/165] (0, 6, 7, 10, 11, 13, 14) stageA=1901 row1=-inf -> eliminated (0s)
[129/165] (0, 5, 7, 8, 11, 13, 14) stageA=1901 row1=-inf -> eliminated (0s)
[130/165] (0, 5, 7, 8, 10, 11, 14) stageA=1901 row1=-inf -> eliminated (0s)
[131/165] (0, 5, 6, 7, 8, 11, 14) stageA=1901 row1=-inf -> eliminated (0s)
[132/165] (0, 2, 7, 9, 11, 13, 14) stageA=1901 row1=-inf -> eliminated (0s)
[133/165] (0, 2, 7, 9, 10, 11, 14) stageA=1901 row1=-inf -> eliminated (0s)
[134/165] (0, 2, 6, 7, 9, 11, 14) stageA=1901 row1=-inf -> eliminated (0s)
[135/165] (0, 1, 7, 8, 9, 11, 14) stageA=1901 row1=-inf -> eliminated (0s)
[136/165] (0, 1, 5, 7, 11, 13, 14) stageA=1901 row1=-inf -> eliminated (0s)
[137/165] (0, 1, 5, 7, 10, 11, 14) stageA=1901 row1=-inf -> eliminated (0s)
[138/165] (0, 1, 5, 6, 7, 11, 14) stageA=1901 row1=-inf -> eliminated (0s)
[139/165] (0, 7, 8, 10, 11, 13, 14) stageA=1900 row1=-inf -> eliminated (0s)
[140/165] (0, 6, 7, 8, 11, 13, 14) stageA=1900 row1=-inf -> eliminated (0s)
[141/165] (0, 6, 7, 8, 10, 11, 14) stageA=1900 row1=-inf -> eliminated (0s)
[142/165] (0, 2, 7, 8, 9, 11, 14) stageA=1900 row1=-inf -> eliminated (0s)
[143/165] (0, 2, 5, 7, 11, 13, 14) stageA=1900 row1=-inf -> eliminated (0s)
[144/165] (0, 2, 5, 7, 10, 11, 14) stageA=1900 row1=-inf -> eliminated (0s)
[145/165] (0, 2, 5, 6, 7, 11, 14) stageA=1900 row1=-inf -> eliminated (0s)
[146/165] (0, 1, 7, 10, 11, 13, 14) stageA=1900 row1=-inf -> eliminated (0s)
[147/165] (0, 1, 6, 7, 11, 13, 14) stageA=1900 row1=-inf -> eliminated (0s)
[148/165] (0, 1, 6, 7, 10, 11, 14) stageA=1900 row1=-inf -> eliminated (0s)
[149/165] (0, 1, 5, 7, 8, 11, 14) stageA=1900 row1=-inf -> eliminated (0s)
[150/165] (0, 1, 2, 7, 9, 11, 14) stageA=1900 row1=-inf -> eliminated (0s)
[151/165] (0, 2, 7, 10, 11, 13, 14) stageA=1899 row1=-inf -> eliminated (0s)
[152/165] (0, 2, 6, 7, 11, 13, 14) stageA=1899 row1=-inf -> eliminated (0s)
[153/165] (0, 2, 6, 7, 10, 11, 14) stageA=1899 row1=-inf -> eliminated (0s)
[154/165] (0, 2, 5, 7, 8, 11, 14) stageA=1899 row1=-inf -> eliminated (0s)
[155/165] (0, 1, 7, 8, 11, 13, 14) stageA=1899 row1=-inf -> eliminated (0s)
[156/165] (0, 1, 7, 8, 10, 11, 14) stageA=1899 row1=-inf -> eliminated (0s)
[157/165] (0, 1, 6, 7, 8, 11, 14) stageA=1899 row1=-inf -> eliminated (0s)
[158/165] (0, 1, 2, 5, 7, 11, 14) stageA=1899 row1=-inf -> eliminated (0s)
[159/165] (0, 2, 7, 8, 11, 13, 14) stageA=1898 row1=-inf -> eliminated (0s)
[160/165] (0, 2, 7, 8, 10, 11, 14) stageA=1898 row1=-inf -> eliminated (0s)
[161/165] (0, 2, 6, 7, 8, 11, 14) stageA=1898 row1=-inf -> eliminated (0s)
[162/165] (0, 1, 2, 7, 11, 13, 14) stageA=1898 row1=-inf -> eliminated (0s)
[163/165] (0, 1, 2, 7, 10, 11, 14) stageA=1898 row1=-inf -> eliminated (0s)
[164/165] (0, 1, 2, 6, 7, 11, 14) stageA=1898 row1=-inf -> eliminated (0s)
[165/165] (0, 1, 2, 7, 8, 11, 14) stageA=1897 row1=-inf -> eliminated (0s)

tier 2: 14 of 165 patterns survive the row-1-exact bound
    (0, 1, 3, 4, 7, 11, 14)
    (0, 2, 3, 4, 7, 11, 14)
    (0, 1, 3, 7, 9, 11, 14)
    (0, 2, 3, 7, 9, 11, 14)
    (0, 1, 3, 5, 7, 11, 14)
    (0, 1, 3, 7, 11, 13, 14)
    (0, 1, 3, 7, 10, 11, 14)
    (0, 1, 3, 6, 7, 11, 14)
    (0, 2, 3, 7, 11, 13, 14)
    (0, 2, 3, 7, 10, 11, 14)
    (0, 2, 3, 6, 7, 11, 14)
    (0, 1, 3, 7, 8, 11, 14)
    (0, 2, 3, 7, 8, 11, 14)
    (0, 1, 2, 3, 7, 11, 14)
