10 surviving patterns:
    (0, 1, 3, 4, 7, 11, 14)
    (0, 1, 3, 7, 9, 11, 14)
    (0, 2, 3, 7, 9, 11, 14)
    (0, 1, 3, 7, 11, 13, 14)
    (0, 1, 3, 7, 10, 11, 14)
    (0, 1, 3, 6, 7, 11, 14)
    (0, 2, 3, 7, 11, 13, 14)
    (0, 2, 3, 7, 10, 11, 14)
    (0, 2, 3, 6, 7, 11, 14)
    (0, 1, 2, 3, 7, 11, 14)

10 patterns -> 50 cells, 4 workers
run ddc68461eadd -> results/enum_cells/run-ddc68461eadd
[1/50] (0, 1, 3, 4, 7, 11, 14) cell 3: 19 cfgs complete=True (cached) | 0s elapsed
[2/50] (0, 1, 3, 4, 7, 11, 14) cell 4: 3 cfgs complete=True (cached) | 0s elapsed
[3/50] (0, 1, 3, 7, 9, 11, 14) cell 0: 0 cfgs complete=True (cached) | 0s elapsed
[4/50] (0, 1, 3, 4, 7, 11, 14) cell 0: 0 cfgs complete=True (cached) | 0s elapsed
[5/50] (0, 1, 3, 4, 7, 11, 14) cell 2: 23 cfgs complete=True (cached) | 0s elapsed
[6/50] (0, 1, 3, 7, 9, 11, 14) cell 3: 0 cfgs complete=True (cached) | 0s elapsed
[7/50] (0, 1, 3, 7, 9, 11, 14) cell 2: 5 cfgs complete=True (cached) | 0s elapsed
[8/50] (0, 2, 3, 7, 9, 11, 14) cell 0: 0 cfgs complete=True (cached) | 0s elapsed
[9/50] (0, 1, 3, 7, 9, 11, 14) cell 4: 0 cfgs complete=True (cached) | 0s elapsed
[10/50] (0, 1, 3, 4, 7, 11, 14) cell 1: 120 cfgs complete=True (cached) | 0s elapsed
[11/50] (0, 2, 3, 7, 9, 11, 14) cell 2: 0 cfgs complete=True (cached) | 0s elapsed
[12/50] (0, 1, 3, 7, 9, 11, 14) cell 1: 149 cfgs complete=True (cached) | 0s elapsed
[13/50] (0, 2, 3, 7, 9, 11, 14) cell 3: 0 cfgs complete=True (cached) | 0s elapsed
[14/50] (0, 2, 3, 7, 9, 11, 14) cell 1: 43 cfgs complete=True (cached) | 0s elapsed
[15/50] (0, 2, 3, 7, 9, 11, 14) cell 4: 0 cfgs complete=True (cached) | 0s elapsed
[16/50] (0, 1, 3, 7, 11, 13, 14) cell 0: 0 cfgs complete=True (cached) | 0s elapsed
[17/50] (0, 1, 3, 7, 11, 13, 14) cell 2: 0 cfgs complete=True (cached) | 0s elapsed
[18/50] (0, 1, 3, 7, 11, 13, 14) cell 4: 0 cfgs complete=True (cached) | 0s elapsed
[19/50] (0, 1, 3, 7, 11, 13, 14) cell 3: 0 cfgs complete=True (cached) | 0s elapsed
[20/50] (0, 1, 3, 7, 11, 13, 14) cell 1: 5 cfgs complete=True (cached) | 0s elapsed
[21/50] (0, 1, 3, 7, 10, 11, 14) cell 0: 0 cfgs complete=True (cached) | 0s elapsed
[22/50] (0, 1, 3, 7, 10, 11, 14) cell 4: 1 cfgs complete=True (cached) | 0s elapsed
[23/50] (0, 1, 3, 7, 10, 11, 14) cell 3: 7 cfgs complete=True (cached) | 0s elapsed
[24/50] (0, 1, 3, 7, 10, 11, 14) cell 2: 35 cfgs complete=True (cached) | 0s elapsed
[25/50] (0, 1, 3, 6, 7, 11, 14) cell 0: 0 cfgs complete=True (cached) | 0s elapsed
[26/50] (0, 1, 3, 6, 7, 11, 14) cell 2: 7 cfgs complete=True (cached) | 0s elapsed
[27/50] (0, 1, 3, 6, 7, 11, 14) cell 4: 0 cfgs complete=True (cached) | 0s elapsed
[28/50] (0, 1, 3, 6, 7, 11, 14) cell 3: 0 cfgs complete=True (cached) | 0s elapsed
[29/50] (0, 2, 3, 7, 11, 13, 14) cell 0: 0 cfgs complete=True (cached) | 0s elapsed
[30/50] (0, 1, 3, 6, 7, 11, 14) cell 1: 90 cfgs complete=True (cached) | 0s elapsed
[31/50] (0, 2, 3, 7, 11, 13, 14) cell 1: 14 cfgs complete=True (cached) | 0s elapsed
[32/50] (0, 2, 3, 7, 11, 13, 14) cell 4: 0 cfgs complete=True (cached) | 0s elapsed
[33/50] (0, 2, 3, 7, 11, 13, 14) cell 3: 0 cfgs complete=True (cached) | 0s elapsed
[34/50] (0, 2, 3, 7, 11, 13, 14) cell 2: 0 cfgs complete=True (cached) | 0s elapsed
[35/50] (0, 2, 3, 7, 10, 11, 14) cell 0: 0 cfgs complete=True (cached) | 0s elapsed
[36/50] (0, 2, 3, 7, 10, 11, 14) cell 2: 0 cfgs complete=True (cached) | 0s elapsed
[37/50] (0, 2, 3, 7, 10, 11, 14) cell 3: 0 cfgs complete=True (cached) | 0s elapsed
[38/50] (0, 2, 3, 6, 7, 11, 14) cell 0: 0 cfgs complete=True (cached) | 0s elapsed
[39/50] (0, 2, 3, 7, 10, 11, 14) cell 4: 0 cfgs complete=True (cached) | 0s elapsed
[40/50] (0, 2, 3, 7, 10, 11, 14) cell 1: 101 cfgs complete=True (cached) | 0s elapsed
[41/50] (0, 2, 3, 6, 7, 11, 14) cell 2: 0 cfgs complete=True (cached) | 0s elapsed
[42/50] (0, 2, 3, 6, 7, 11, 14) cell 1: 30 cfgs complete=True (cached) | 0s elapsed
[43/50] (0, 2, 3, 6, 7, 11, 14) cell 3: 0 cfgs complete=True (cached) | 0s elapsed
[44/50] (0, 1, 2, 3, 7, 11, 14) cell 0: 0 cfgs complete=True (cached) | 0s elapsed
[45/50] (0, 2, 3, 6, 7, 11, 14) cell 4: 0 cfgs complete=True (cached) | 0s elapsed
[46/50] (0, 1, 2, 3, 7, 11, 14) cell 3: 0 cfgs complete=True (cached) | 0s elapsed
[47/50] (0, 1, 2, 3, 7, 11, 14) cell 2: 0 cfgs complete=True (cached) | 0s elapsed
[48/50] (0, 1, 2, 3, 7, 11, 14) cell 4: 0 cfgs complete=True (cached) | 0s elapsed
[49/50] (0, 1, 2, 3, 7, 11, 14) cell 1: 95 cfgs complete=True (cached) | 0s elapsed
[50/50] (0, 1, 3, 7, 10, 11, 14) cell 1: 580 cfgs complete=True (cached) | 0s elapsed
(0, 1, 3, 4, 7, 11, 14): 165 configs, complete=True
(0, 1, 3, 7, 9, 11, 14): 154 configs, complete=True
(0, 2, 3, 7, 9, 11, 14): 43 configs, complete=True
(0, 1, 3, 7, 11, 13, 14): 5 configs, complete=True
(0, 1, 3, 7, 10, 11, 14): 623 configs, complete=True
(0, 1, 3, 6, 7, 11, 14): 97 configs, complete=True
(0, 2, 3, 7, 11, 13, 14): 14 configs, complete=True
(0, 2, 3, 7, 10, 11, 14): 101 configs, complete=True
(0, 2, 3, 6, 7, 11, 14): 30 configs, complete=True
(0, 1, 2, 3, 7, 11, 14): 95 configs, complete=True

enumeration: 1327 configurations across 10 patterns in 0.4 min, complete=True -> results/tier3_configs.json

refuting...
    00010203071114: 50/95 checked (0m)
  (0, 1, 2, 3, 7, 11, 14): 95 checked, 84 by exact ceiling, 11 by CP-SAT proof, 0 UNDECIDED, 0 above threshold
    00010304071114: 50/165 checked (1m)
    00010304071114: 100/165 checked (1m)
    00010304071114: 150/165 checked (2m)
  (0, 1, 3, 4, 7, 11, 14): 165 checked, 109 by exact ceiling, 56 by CP-SAT proof, 0 UNDECIDED, 0 above threshold
    00010306071114: 50/97 checked (2m)
  (0, 1, 3, 6, 7, 11, 14): 97 checked, 90 by exact ceiling, 7 by CP-SAT proof, 0 UNDECIDED, 0 above threshold
    00010307091114: 50/154 checked (2m)
    00010307091114: 100/154 checked (2m)
    00010307091114: 150/154 checked (2m)
  (0, 1, 3, 7, 9, 11, 14): 154 checked, 147 by exact ceiling, 7 by CP-SAT proof, 0 UNDECIDED, 0 above threshold
    00010307101114: 50/623 checked (10m)
    00010307101114: 100/623 checked (10m)
    00010307101114: 150/623 checked (10m)
    00010307101114: 200/623 checked (10m)
    00010307101114: 250/623 checked (21m)
    00010307101114: 300/623 checked (22m)
    00010307101114: 350/623 checked (22m)
    00010307101114: 400/623 checked (22m)
    00010307101114: 450/623 checked (22m)
    00010307101114: 500/623 checked (22m)
    00010307101114: 550/623 checked (22m)
    00010307101114: 600/623 checked (22m)
  (0, 1, 3, 7, 10, 11, 14): 623 checked, 550 by exact ceiling, 72 by CP-SAT proof, 1 UNDECIDED, 0 above threshold
  (0, 1, 3, 7, 11, 13, 14): 5 checked, 0 by exact ceiling, 5 by CP-SAT proof, 0 UNDECIDED, 0 above threshold
  (0, 2, 3, 6, 7, 11, 14): 30 checked, 13 by exact ceiling, 17 by CP-SAT proof, 0 UNDECIDED, 0 above threshold
  (0, 2, 3, 7, 9, 11, 14): 43 checked, 37 by exact ceiling, 6 by CP-SAT proof, 0 UNDECIDED, 0 above threshold
    00020307101114: 50/101 checked (24m)
    00020307101114: 100/101 checked (25m)
  (0, 2, 3, 7, 10, 11, 14): 101 checked, 33 by exact ceiling, 68 by CP-SAT proof, 0 UNDECIDED, 0 above threshold
  (0, 2, 3, 7, 11, 13, 14): 14 checked, 0 by exact ceiling, 14 by CP-SAT proof, 0 UNDECIDED, 0 above threshold

refutation in 25.4 min

decomposing 1 undecided configuration(s)
    (0, 1, 3, 7, 10, 11, 14): refuted=True (0 open, 135s)
every configuration refuted: no legal play exceeds 1786
